../Application/User/src/app.cpp:229:6:void updateEnemy(uint8_t)	32	static
../Application/User/src/app.cpp:284:6:void updateShipBullet(uint8_t)	32	static
../Application/User/src/app.cpp:300:6:void updateEnemyBullet(uint8_t)	24	static
../Application/User/src/app.cpp:318:6:void updateBoss(uint8_t)	8	static
../Application/User/src/app.cpp:329:6:void updateBossBullet(uint8_t)	16	static
../Application/User/src/app.cpp:29:6:void gameTask(void*)	48	static
../Application/User/src/app.cpp:347:1:cpp)	16	static
../Application/User/src/app.cpp:347:1:cpp)	16	static
