D:/MainWork/ChickenInvader/Core/Src/main.c:918:13:SPI5_Write	16	static
D:/MainWork/ChickenInvader/Core/Src/main.c:1030:6:StartDefaultTask	32	static
D:/MainWork/ChickenInvader/Core/Src/main.c:268:6:SystemClock_Config	96	static
D:/MainWork/ChickenInvader/Core/Src/main.c:170:5:main	112	static
D:/MainWork/ChickenInvader/Core/Src/main.c:762:6:IOE_Init	0	static
D:/MainWork/ChickenInvader/Core/Src/main.c:771:6:IOE_ITConfig	0	static
D:/MainWork/ChickenInvader/Core/Src/main.c:783:6:IOE_Write	32	static
D:/MainWork/ChickenInvader/Core/Src/main.c:794:9:IOE_Read	32	static
D:/MainWork/ChickenInvader/Core/Src/main.c:807:10:IOE_ReadMultiple	24	static
D:/MainWork/ChickenInvader/Core/Src/main.c:816:6:IOE_Delay	0	static
D:/MainWork/ChickenInvader/Core/Src/main.c:944:6:LCD_IO_Init	8	static
D:/MainWork/ChickenInvader/Core/Src/main.c:954:6:LCD_IO_WriteData	16	static
D:/MainWork/ChickenInvader/Core/Src/main.c:970:6:LCD_IO_WriteReg	16	static
D:/MainWork/ChickenInvader/Core/Src/main.c:989:10:LCD_IO_ReadData	32	static
D:/MainWork/ChickenInvader/Core/Src/main.c:1016:6:LCD_Delay	0	static
D:/MainWork/ChickenInvader/Core/Src/main.c:1096:6:HAL_TIM_PeriodElapsedCallback	0	static
D:/MainWork/ChickenInvader/Core/Src/main.c:1114:6:Error_Handler	0	static
