../../Middlewares/ST/touchgfx/framework/include/touchgfx/Screen.hpp:104:18:virtual void touchgfx::Screen::afterTransition()	0	static
../../Middlewares/ST/touchgfx/framework/include/touchgfx/Screen.hpp:144:18:virtual void touchgfx::Screen::handleTickEvent()	0	static
../../Middlewares/ST/touchgfx/framework/include/touchgfx/Screen.hpp:154:18:virtual void touchgfx::Screen::handleKeyEvent(uint8_t)	0	static
D:/MainWork/ChickenInvader/TouchGFX/gui/src/menuscreen_screen/MenuScreenView.cpp:13:6:virtual void MenuScreenView::tearDownScreen()	0	static
../../TouchGFX/gui/include/gui/menuscreen_screen/MenuScreenView.hpp:11:13:MenuScreenView::~MenuScreenView()	8	static
../../TouchGFX/gui/include/gui/menuscreen_screen/MenuScreenView.hpp:11:13:virtual MenuScreenView::~MenuScreenView()	8	static
D:/MainWork/ChickenInvader/TouchGFX/gui/src/menuscreen_screen/MenuScreenView.cpp:3:1:MenuScreenView::MenuScreenView()	8	static
D:/MainWork/ChickenInvader/TouchGFX/gui/src/menuscreen_screen/MenuScreenView.cpp:8:6:virtual void MenuScreenView::setupScreen()	0	static
